// Jest Snapshot v1, https://jestjs.io/docs/snapshot-testing

exports[`attempt to fix snapshot is flaky 1`] = `3`
exports[`attempt to fix snapshot is flaky 2`] = `"a"`
