// Jest Snapshot v1, https://goo.gl/fbAQLP

exports[`test can do snapshot 1`] = `3`;
